// Jest Snapshot v1, https://goo.gl/fbAQLP

exports[`Storyshots OugH1 with text 1`] = `
<h1
  className="h1"
>
  Hello World
</h1>
`;
